FINAL HEAT OF FORMATION =      -849.5111573712  time =       0.0000000000
$COEFF
$ENDCOEFF
FINAL HEAT OF FORMATION =      -849.6186221015  time =       0.5000000000
$COEFF
$ENDCOEFF
FINAL HEAT OF FORMATION =      -849.6324923933  time =       1.0000000000
$COEFF
$ENDCOEFF
FINAL HEAT OF FORMATION =      -849.6130509958  time =       1.5000000000
$COEFF
$ENDCOEFF
FINAL HEAT OF FORMATION =      -849.6039868485  time =       2.0000000000
$COEFF
$ENDCOEFF
FINAL HEAT OF FORMATION =      -849.6132084261  time =       2.5000000000
$COEFF
$ENDCOEFF
FINAL HEAT OF FORMATION =      -849.6293814813  time =       3.0000000000
$COEFF
$ENDCOEFF
FINAL HEAT OF FORMATION =      -849.6162010467  time =       3.5000000000
$COEFF
$ENDCOEFF
FINAL HEAT OF FORMATION =      -849.6120078773  time =       4.0000000000
$COEFF
$ENDCOEFF
FINAL HEAT OF FORMATION =      -849.6102434753  time =       4.5000000000
$COEFF
$ENDCOEFF
FINAL HEAT OF FORMATION =      -849.5984207143  time =       5.0000000000
$COEFF
$ENDCOEFF
FINAL HEAT OF FORMATION =      -849.6151124440  time =       5.5000000000
$COEFF
$ENDCOEFF
FINAL HEAT OF FORMATION =      -849.6124929496  time =       6.0000000000
$COEFF
$ENDCOEFF
FINAL HEAT OF FORMATION =      -849.6142488607  time =       6.5000000000
$COEFF
$ENDCOEFF
FINAL HEAT OF FORMATION =      -849.6278806377  time =       7.0000000000
$COEFF
$ENDCOEFF
FINAL HEAT OF FORMATION =      -849.6445753393  time =       7.5000000000
$COEFF
$ENDCOEFF
FINAL HEAT OF FORMATION =      -849.6257276669  time =       8.0000000000
$COEFF
$ENDCOEFF
FINAL HEAT OF FORMATION =      -849.6396219371  time =       8.5000000000
$COEFF
$ENDCOEFF
FINAL HEAT OF FORMATION =      -849.6451269666  time =       9.0000000000
$COEFF
$ENDCOEFF
FINAL HEAT OF FORMATION =      -849.6406076662  time =       9.5000000000
$COEFF
$ENDCOEFF
FINAL HEAT OF FORMATION =      -849.6434844719  time =      10.0000000000
$COEFF
$ENDCOEFF
FINAL HEAT OF FORMATION =      -849.6257898943  time =      10.5000000000
$COEFF
$ENDCOEFF
FINAL HEAT OF FORMATION =      -849.6337010412  time =      11.0000000000
$COEFF
$ENDCOEFF
FINAL HEAT OF FORMATION =      -849.6367628729  time =      11.5000000000
$COEFF
$ENDCOEFF
FINAL HEAT OF FORMATION =      -849.6408949750  time =      12.0000000000
$COEFF
$ENDCOEFF
FINAL HEAT OF FORMATION =      -849.6447980065  time =      12.5000000000
$COEFF
$ENDCOEFF
FINAL HEAT OF FORMATION =      -849.6396012740  time =      13.0000000000
$COEFF
$ENDCOEFF
FINAL HEAT OF FORMATION =      -849.6583328014  time =      13.5000000000
$COEFF
$ENDCOEFF
FINAL HEAT OF FORMATION =      -849.6880382135  time =      14.0000000000
$COEFF
$ENDCOEFF
FINAL HEAT OF FORMATION =      -849.7031749773  time =      14.5000000000
$COEFF
$ENDCOEFF
FINAL HEAT OF FORMATION =      -849.6756540540  time =      15.0000000000
$COEFF
$ENDCOEFF
FINAL HEAT OF FORMATION =      -849.6850427256  time =      15.5000000000
$COEFF
$ENDCOEFF
FINAL HEAT OF FORMATION =      -849.6956690148  time =      16.0000000000
$COEFF
$ENDCOEFF
FINAL HEAT OF FORMATION =      -849.7358959432  time =      16.5000000000
$COEFF
$ENDCOEFF
FINAL HEAT OF FORMATION =      -849.7236254333  time =      17.0000000000
$COEFF
$ENDCOEFF
FINAL HEAT OF FORMATION =      -849.7435056844  time =      17.5000000000
$COEFF
$ENDCOEFF
FINAL HEAT OF FORMATION =      -849.7086289382  time =      18.0000000000
$COEFF
$ENDCOEFF
FINAL HEAT OF FORMATION =      -849.7399717309  time =      18.5000000000
$COEFF
$ENDCOEFF
FINAL HEAT OF FORMATION =      -849.7518712835  time =      19.0000000000
$COEFF
$ENDCOEFF
FINAL HEAT OF FORMATION =      -849.7410076269  time =      19.5000000000
$COEFF
$ENDCOEFF
FINAL HEAT OF FORMATION =      -849.7360134009  time =      20.0000000000
$COEFF
$ENDCOEFF
