       0.0000000000       0.0051373478       0.0079180367       0.0082996346
