FINAL HEAT OF FORMATION =      -849.9387768734  time =       0.0000000000
$COEFF
$ENDCOEFF
