##     time(fs)           T                  T-T0               U                  U-U0               E                  E-E0
       0.0000000000       0.4010629160       0.0000000000    -850.3398397895       0.0000000000    -849.9387768734       0.0000000000
