  0        0.0000000000       0.0043465258       0.0024773819      -0.0024824098       0.0010582681       0.0034688137      -0.0011587638      -0.0099038191       0.0001155289       0.0116508989      -0.0025999540      -0.0016979174       0.0029375906      -0.0004395346      -0.0118413235      -0.0141477656       0.0108067342       0.0084615523       0.0053440594       0.0036440950       0.0063027958      -0.0142580969      -0.0010765020      -0.0044865951       0.0101999595      -0.0009955117      -0.0091281798       0.0148351620      -0.0009079661       0.0022913826      -0.0108410170       0.0002847760      -0.0030976379       0.0132775824      -0.0042171115       0.0071341983      -0.0153571997
