## time(fs)    Temp(current)       Temp(thermostat)
