FINAL HEAT OF FORMATION =      -849.8892642413  time =       0.0000000000
$COEFF
     0.0000000000     0.0000000000     0.0000000000     0.0000000000     0.0000000000
     0.0000000000     0.0000000000     0.0000000000     0.0000000000     0.0000000000
$ENDCOEFF
