##     time(fs)           T                  T-T0               U                  U-U0               E                  E-E0
       0.0000000000       0.4009008714       0.0000000000    -846.3909392933       0.0000000000    -845.9900384219       0.0000000000
