  1        0.0000000000       0.0031376345       0.0029809800       0.0044820702       0.0019760137       0.0035703095      -0.0042290390      -0.0015348980       0.0002908561      -0.0030456306       0.0010308501      -0.0018315828       0.0067105976       0.0029362400      -0.0014820433      -0.0002105433       0.0054881896       0.0068767560      -0.0032935334      -0.0003755190      -0.0026384724       0.0050207989      -0.0004178365      -0.0002842957       0.0016737215      -0.0048180187       0.0027475609      -0.0095259078      -0.0030558027      -0.0033085986      -0.0039052035      -0.0007465185       0.0003233566      -0.0038599320      -0.0036203346      -0.0072448264       0.0101826014
