       0.0000000000       0.0000000000       0.0000858054      -0.0000858054       0.0000000000
