       0.0000000000    -850.2901651127    -846.3909392933    -846.3909392798
