       0.0000000000      -0.0000036654      -0.0005805862       0.0010802329      -0.0005158885       0.0000244685       0.0000280332       0.0014442700      -0.0014535466      -0.0000217889      -0.0007186346      -0.0003631319       0.0010510979       0.0000241129       0.0006772671       0.0003167320      -0.0009635989      -0.0000230135      -0.0000389782      -0.0015228728       0.0015522438      -0.0000039035       0.0005451306      -0.0011252278       0.0005858657       0.0000461254      -0.0000277231      -0.0000065790      -0.0000103100      -0.0000053294       0.0000091984
