FINAL HEAT OF FORMATION =      -849.8892642413  time =       0.0000000000
$VELOC
    -0.8302602924    -4.1342070550    -3.7428104936
     0.9889859632     2.8767961299     4.1683088275
    -4.4668421452    -1.2127900282    -3.0882401200
    -2.8714166510     0.6739270194    -1.5445743267
     1.3208909860     4.5287034392     3.6613431614
     7.5820957866    -7.0357007188    -3.3836589047
     0.6408936175    17.6386045356    37.5496473206
   -13.4087928594    21.7694380636     3.8602896300
   -10.8008340341    -8.9036335538    -0.0130312937
   -27.6795438393    20.2709533261     6.9460655046
    28.6025236782    -2.4534885775     3.1285125344
     1.9453516813     3.3647167505    -4.2726754730
$ENDVELOC
