FINAL HEAT OF FORMATION =      -849.5111573712  time =       0.0000000000
$COEFF
$ENDCOEFF
FINAL HEAT OF FORMATION =      -849.5402474258  time =       0.5000000000
$COEFF
$ENDCOEFF
FINAL HEAT OF FORMATION =      -849.5665980992  time =       1.0000000000
$COEFF
$ENDCOEFF
FINAL HEAT OF FORMATION =      -849.5461035413  time =       1.5000000000
$COEFF
$ENDCOEFF
FINAL HEAT OF FORMATION =      -849.5434994139  time =       2.0000000000
$COEFF
$ENDCOEFF
FINAL HEAT OF FORMATION =      -849.5604570801  time =       2.5000000000
$COEFF
$ENDCOEFF
FINAL HEAT OF FORMATION =      -849.5709048603  time =       3.0000000000
$COEFF
$ENDCOEFF
FINAL HEAT OF FORMATION =      -849.5594669195  time =       3.5000000000
$COEFF
$ENDCOEFF
FINAL HEAT OF FORMATION =      -849.5618923226  time =       4.0000000000
$COEFF
$ENDCOEFF
FINAL HEAT OF FORMATION =      -849.5632497532  time =       4.5000000000
$COEFF
$ENDCOEFF
FINAL HEAT OF FORMATION =      -849.5536532465  time =       5.0000000000
$COEFF
$ENDCOEFF
FINAL HEAT OF FORMATION =      -849.5708117166  time =       5.5000000000
$COEFF
$ENDCOEFF
FINAL HEAT OF FORMATION =      -849.5645954307  time =       6.0000000000
$COEFF
$ENDCOEFF
FINAL HEAT OF FORMATION =      -849.5704838644  time =       6.5000000000
$COEFF
$ENDCOEFF
FINAL HEAT OF FORMATION =      -849.5907601946  time =       7.0000000000
$COEFF
$ENDCOEFF
FINAL HEAT OF FORMATION =      -849.6147059509  time =       7.5000000000
$COEFF
$ENDCOEFF
FINAL HEAT OF FORMATION =      -849.5945873981  time =       8.0000000000
$COEFF
$ENDCOEFF
FINAL HEAT OF FORMATION =      -849.6109521260  time =       8.5000000000
$COEFF
$ENDCOEFF
FINAL HEAT OF FORMATION =      -849.6155723625  time =       9.0000000000
$COEFF
$ENDCOEFF
FINAL HEAT OF FORMATION =      -849.6174788393  time =       9.5000000000
$COEFF
$ENDCOEFF
FINAL HEAT OF FORMATION =      -849.6208496762  time =      10.0000000000
$COEFF
$ENDCOEFF
FINAL HEAT OF FORMATION =      -849.6158697725  time =      10.5000000000
$COEFF
$ENDCOEFF
FINAL HEAT OF FORMATION =      -849.6343891396  time =      11.0000000000
$COEFF
$ENDCOEFF
FINAL HEAT OF FORMATION =      -849.6407848043  time =      11.5000000000
$COEFF
$ENDCOEFF
FINAL HEAT OF FORMATION =      -849.6529117008  time =      12.0000000000
$COEFF
$ENDCOEFF
FINAL HEAT OF FORMATION =      -849.6562375968  time =      12.5000000000
$COEFF
$ENDCOEFF
FINAL HEAT OF FORMATION =      -849.6480443592  time =      13.0000000000
$COEFF
$ENDCOEFF
FINAL HEAT OF FORMATION =      -849.6787196459  time =      13.5000000000
$COEFF
$ENDCOEFF
FINAL HEAT OF FORMATION =      -849.7037883971  time =      14.0000000000
$COEFF
$ENDCOEFF
FINAL HEAT OF FORMATION =      -849.7109469178  time =      14.5000000000
$COEFF
$ENDCOEFF
FINAL HEAT OF FORMATION =      -849.6792305980  time =      15.0000000000
$COEFF
$ENDCOEFF
FINAL HEAT OF FORMATION =      -849.6870881053  time =      15.5000000000
$COEFF
$ENDCOEFF
FINAL HEAT OF FORMATION =      -849.6987814088  time =      16.0000000000
$COEFF
$ENDCOEFF
FINAL HEAT OF FORMATION =      -849.7362067822  time =      16.5000000000
$COEFF
$ENDCOEFF
FINAL HEAT OF FORMATION =      -849.7206012134  time =      17.0000000000
$COEFF
$ENDCOEFF
FINAL HEAT OF FORMATION =      -849.7460157689  time =      17.5000000000
$COEFF
$ENDCOEFF
FINAL HEAT OF FORMATION =      -849.7177000632  time =      18.0000000000
$COEFF
$ENDCOEFF
FINAL HEAT OF FORMATION =      -849.7492606237  time =      18.5000000000
$COEFF
$ENDCOEFF
FINAL HEAT OF FORMATION =      -849.7621385232  time =      19.0000000000
$COEFF
$ENDCOEFF
FINAL HEAT OF FORMATION =      -849.7517593975  time =      19.5000000000
$COEFF
$ENDCOEFF
FINAL HEAT OF FORMATION =      -849.7421342831  time =      20.0000000000
$COEFF
$ENDCOEFF
