## time [fs] type_of_hop state_before state_after energy_before [a.u.] energy_after [a.u]
      0.3000000000  1   3   4     -31.0092846689     -31.0092845544
      0.3000000000  0   3   4     -31.0092846689     -31.0092845544
      0.5000000000  0   4   3     -31.0092776933     -31.0092775597
