  0.30000000000000004                3           4           0
  0.50000000000000000                4           3           0
