FINAL HEAT OF FORMATION =      -849.5111573712  time =       0.0000000000
$COEFF
$ENDCOEFF
FINAL HEAT OF FORMATION =      -849.5853109533  time =       0.5000000000
$COEFF
$ENDCOEFF
FINAL HEAT OF FORMATION =      -849.6139916668  time =       1.0000000000
$COEFF
$ENDCOEFF
FINAL HEAT OF FORMATION =      -849.5988831973  time =       1.5000000000
$COEFF
$ENDCOEFF
FINAL HEAT OF FORMATION =      -849.6048407268  time =       2.0000000000
$COEFF
$ENDCOEFF
FINAL HEAT OF FORMATION =      -849.6137934430  time =       2.5000000000
$COEFF
$ENDCOEFF
FINAL HEAT OF FORMATION =      -849.6300317969  time =       3.0000000000
$COEFF
$ENDCOEFF
FINAL HEAT OF FORMATION =      -849.6156185162  time =       3.5000000000
$COEFF
$ENDCOEFF
FINAL HEAT OF FORMATION =      -849.6232535388  time =       4.0000000000
$COEFF
$ENDCOEFF
FINAL HEAT OF FORMATION =      -849.6113508109  time =       4.5000000000
$COEFF
$ENDCOEFF
FINAL HEAT OF FORMATION =      -849.5902952386  time =       5.0000000000
$COEFF
$ENDCOEFF
FINAL HEAT OF FORMATION =      -849.6147894297  time =       5.5000000000
$COEFF
$ENDCOEFF
FINAL HEAT OF FORMATION =      -849.6092347438  time =       6.0000000000
$COEFF
$ENDCOEFF
FINAL HEAT OF FORMATION =      -849.6073746751  time =       6.5000000000
$COEFF
$ENDCOEFF
FINAL HEAT OF FORMATION =      -849.6299081610  time =       7.0000000000
$COEFF
$ENDCOEFF
FINAL HEAT OF FORMATION =      -849.6528429323  time =       7.5000000000
$COEFF
$ENDCOEFF
FINAL HEAT OF FORMATION =      -849.6181342986  time =       8.0000000000
$COEFF
$ENDCOEFF
FINAL HEAT OF FORMATION =      -849.6252200458  time =       8.5000000000
$COEFF
$ENDCOEFF
FINAL HEAT OF FORMATION =      -849.6279824111  time =       9.0000000000
$COEFF
$ENDCOEFF
FINAL HEAT OF FORMATION =      -849.6406294023  time =       9.5000000000
$COEFF
$ENDCOEFF
FINAL HEAT OF FORMATION =      -849.6455498531  time =      10.0000000000
$COEFF
$ENDCOEFF
FINAL HEAT OF FORMATION =      -849.6386928174  time =      10.5000000000
$COEFF
$ENDCOEFF
FINAL HEAT OF FORMATION =      -849.6593429658  time =      11.0000000000
$COEFF
$ENDCOEFF
FINAL HEAT OF FORMATION =      -849.6559345182  time =      11.5000000000
$COEFF
$ENDCOEFF
FINAL HEAT OF FORMATION =      -849.6681243333  time =      12.0000000000
$COEFF
$ENDCOEFF
FINAL HEAT OF FORMATION =      -849.6721704729  time =      12.5000000000
$COEFF
$ENDCOEFF
FINAL HEAT OF FORMATION =      -849.6631508985  time =      13.0000000000
$COEFF
$ENDCOEFF
FINAL HEAT OF FORMATION =      -849.6795799513  time =      13.5000000000
$COEFF
$ENDCOEFF
FINAL HEAT OF FORMATION =      -849.7078551844  time =      14.0000000000
$COEFF
$ENDCOEFF
FINAL HEAT OF FORMATION =      -849.7119197199  time =      14.5000000000
$COEFF
$ENDCOEFF
FINAL HEAT OF FORMATION =      -849.6815990921  time =      15.0000000000
$COEFF
$ENDCOEFF
FINAL HEAT OF FORMATION =      -849.6833420324  time =      15.5000000000
$COEFF
$ENDCOEFF
FINAL HEAT OF FORMATION =      -849.6934491458  time =      16.0000000000
$COEFF
$ENDCOEFF
FINAL HEAT OF FORMATION =      -849.7337414231  time =      16.5000000000
$COEFF
$ENDCOEFF
FINAL HEAT OF FORMATION =      -849.7130926524  time =      17.0000000000
$COEFF
$ENDCOEFF
FINAL HEAT OF FORMATION =      -849.7434611221  time =      17.5000000000
$COEFF
$ENDCOEFF
FINAL HEAT OF FORMATION =      -849.7154999321  time =      18.0000000000
$COEFF
$ENDCOEFF
FINAL HEAT OF FORMATION =      -849.7429827643  time =      18.5000000000
$COEFF
$ENDCOEFF
FINAL HEAT OF FORMATION =      -849.7532111585  time =      19.0000000000
$COEFF
$ENDCOEFF
FINAL HEAT OF FORMATION =      -849.7399127903  time =      19.5000000000
$COEFF
$ENDCOEFF
FINAL HEAT OF FORMATION =      -849.7341667230  time =      20.0000000000
$COEFF
$ENDCOEFF
