       0.0000000000       0.0051689024       0.0081689333       0.0081414194
