FINAL HEAT OF FORMATION =      -849.8926731779  time =       0.0000000000
$COEFF
     0.0000000000     0.0000000000     0.0000000000     0.0000000000     0.0000000000
$ENDCOEFF
