##     time(fs)           T                  T-T0               U                  U-U0               E                  E-E0
       0.0000000000       0.4010629160       0.0000000000    -846.3911540899       0.0000000000    -845.9900911739       0.0000000000
