  1        0.0000000000       0.0070586719      -0.0015352168      -0.0009684912      -0.0014210969      -0.0012953779      -0.0025782697      -0.0081502006       0.0026368466       0.0043985317       0.0041358112       0.0065548851       0.0049505310      -0.0027801832      -0.0058485938      -0.0036246126       0.0018814361       0.0080449609       0.0005046366       0.0051922227      -0.0038412833       0.0017307883       0.0048525505       0.0001816295       0.0012925463      -0.0040995093      -0.0023140642      -0.0121266432       0.0010084081       0.0014777297      -0.0013964181      -0.0048004030       0.0009212449      -0.0019707252      -0.0028777077      -0.0049827607       0.0097881260
