       0.0000000000    -850.2937360940    -846.3911540899
