       0.0000000000      -0.0000037665      -0.0005019329       0.0009097116      -0.0003982998       0.0000186224       0.0000135936       0.0011817549      -0.0011756125      -0.0000182337      -0.0006012222      -0.0002825622       0.0008667242       0.0000201146       0.0005654395       0.0002374647      -0.0007964741      -0.0000180735      -0.0000251126      -0.0012606916       0.0012650564      -0.0000021461       0.0004739056      -0.0009435519       0.0004701828       0.0000384773      -0.0000200931      -0.0000045219      -0.0000090357      -0.0000082138       0.0000084964
