FINAL HEAT OF FORMATION =      -849.8926731779  time =       0.0000000000
$VELOC
    -0.8053143394    -4.1878833732    -3.6313775837
     1.0294675393     2.7627100917     4.4006100054
    -4.4870427178    -1.1534294696    -3.2087971501
    -2.8524435042     0.6142857400    -1.4239264979
     1.2815455099     4.6430462175     3.4289638427
     7.5572197842    -6.9819959783    -3.4951206894
     0.6887252579    17.5438701929    37.7476956201
   -13.3392762907    21.5658675936     4.2738139259
   -10.8410626112    -8.7990139588    -0.2271823192
   -27.6435417592    20.1653179964     7.1606228597
    28.5550727507    -2.3586673776     2.9304364809
     1.8799376326     3.5691627520    -4.6863835610
$ENDVELOC
