## time [fs] type_of_hop state_before state_after energy_before [a.u.] energy_after [a.u]
