FINAL HEAT OF FORMATION =      -849.9389539647  time =       0.0000000000
$COEFF
$ENDCOEFF
