##     time(fs)           T                  T-T0               U                  U-U0               E                  E-E0
       0.0000000000       0.4008858286       0.0000000000    -850.3398397932       0.0000000000    -849.9389539647       0.0000000000
