  0        0.0000000000       0.0040772781       0.0022765585      -0.0025478331       0.0010093952       0.0037684300      -0.0009973276      -0.0096011412       0.0000220375       0.0115424807      -0.0022864057      -0.0017789406       0.0028269991      -0.0004896386      -0.0115457288      -0.0140208272       0.0105519398       0.0082535738       0.0052790519       0.0036441776       0.0063031655      -0.0142573178      -0.0010759396      -0.0044888402       0.0102007327      -0.0009955210      -0.0091301371       0.0148377488      -0.0009080110       0.0022914439      -0.0108400307       0.0002859322      -0.0030993355       0.0132804572      -0.0042120658       0.0071277728      -0.0153041342
