FINAL HEAT OF FORMATION =      -849.9389539647  time =       0.0000000000
$VELOC
    -0.8398301226    -4.1129799571    -3.7892660199
     0.9875739362     2.8762190464     4.1604730293
    -4.4803198072    -1.1920337574    -3.1264964348
    -2.8597288850     0.6528853053    -1.5061699597
     1.3239252606     4.5295574286     3.6690168095
     7.5917959113    -7.0569133782    -3.3372072921
     0.6280709534    17.6778108113    37.4652737387
   -13.4148106320    21.7688337847     3.8444755228
   -10.8303531876    -8.8680685727    -0.0798540979
   -27.6559402801    20.2343257343     7.0135367494
    28.6160201228    -2.4926573112     3.2129396673
     1.9570599258     3.3662752210    -4.2573470204
$ENDVELOC
