   20.000000000000149     
       0.0134684616      -0.0000225019       0.0007486591       0.0002886266
       0.0003171865      -0.0002065040       0.0138543541       0.0000532149
