  2      20.0000000000      15.7218096394      15.6423387138
